// Jest Snapshot v1, https://goo.gl/fbAQLP

exports[`FilterButton Render is fine 1`] = `
<div>
  <label
    class="sc-aYaIB eLJtMe"
    for="active"
  >
    <input
      id="active"
      name="filter"
      type="radio"
    />
    Active
  </label>
</div>
`;
